// Jest Snapshot v1, https://goo.gl/fbAQLP

exports[`renders NotFound correctly 1`] = `
<img
  alt="not found"
  src="https://weeblytutorials.com/wp-content/uploads/2017/05/Weebly-404-Page-Not-Found-Error1.png"
/>
`;
